../Core/Src/main.c:76:13:FDCAN_StartAll	32	static
../Core/Src/main.c:110:6:USBSendData	16	static
../Core/Src/main.c:126:13:CanTxEnqueue	32	static
../Core/Src/main.c:149:6:App_CanTxProcess	56	static
../Core/Src/main.c:193:6:CANSendData	24	static
../Core/Src/main.c:200:6:HAL_FDCAN_RxFifo0Callback	72	static
../Core/Src/main.c:239:6:HAL_FDCAN_ErrorStatusCallback	64	static
../Core/Src/main.c:263:5:main	16	static
../Core/Src/main.c:324:6:SystemClock_Config	120	static
../Core/Src/main.c:381:13:MX_ADC1_Init	40	static
../Core/Src/main.c:467:13:MX_FDCAN1_Init	8	static
../Core/Src/main.c:510:13:MX_FDCAN2_Init	8	static
../Core/Src/main.c:553:13:MX_GPDMA1_Init	16	static
../Core/Src/main.c:581:13:MX_TIM2_Init	64	static
../Core/Src/main.c:644:13:MX_TIM4_Init	64	static
../Core/Src/main.c:703:13:MX_GPIO_Init	48	static
../Core/Src/main.c:739:6:Error_Handler	4	static,ignoring_inline_asm
